###############################################################################
#
# IAR ELF Linker V3.10.1.3605 for Renesas RX              23/Mar/2018  16:16:20
# Copyright 2009-2017 IAR Systems AB.
#
#    Output file  =  
#        C:\Users\Brannon\Development\Independent
#        Study\MicroCOS-III\Renesas\YRDKRX63N\Blinky\OS3\IAR\source\Exe\Blinky.out
#    Map file     =  
#        C:\Users\Brannon\Development\Independent
#        Study\MicroCOS-III\Renesas\YRDKRX63N\Blinky\OS3\IAR\source\List\Blinky.map
#    Command line =  
#        -f C:\Users\Brannon\AppData\Local\Temp\EWD5B3.tmp
#        ("C:\Users\Brannon\Development\Independent
#        Study\MicroCOS-III\Renesas\YRDKRX63N\Blinky\OS3\IAR\source\Obj\bsp_clk.o"
#        "C:\Users\Brannon\Development\Independent
#        Study\MicroCOS-III\Renesas\YRDKRX63N\Blinky\OS3\IAR\source\Obj\bsp_int.o"
#        "C:\Users\Brannon\Development\Independent
#        Study\MicroCOS-III\Renesas\YRDKRX63N\Blinky\OS3\IAR\source\Obj\bsp_led.o"
#        "C:\Users\Brannon\Development\Independent
#        Study\MicroCOS-III\Renesas\YRDKRX63N\Blinky\OS3\IAR\source\Obj\bsp_os.o"
#        "C:\Users\Brannon\Development\Independent
#        Study\MicroCOS-III\Renesas\YRDKRX63N\Blinky\OS3\IAR\source\Obj\bsp_uart.o"
#        "C:\Users\Brannon\Development\Independent
#        Study\MicroCOS-III\Renesas\YRDKRX63N\Blinky\OS3\IAR\source\Obj\cpu_core.o"
#        "C:\Users\Brannon\Development\Independent
#        Study\MicroCOS-III\Renesas\YRDKRX63N\Blinky\OS3\IAR\source\Obj\lib_ascii.o"
#        "C:\Users\Brannon\Development\Independent
#        Study\MicroCOS-III\Renesas\YRDKRX63N\Blinky\OS3\IAR\source\Obj\lib_math.o"
#        "C:\Users\Brannon\Development\Independent
#        Study\MicroCOS-III\Renesas\YRDKRX63N\Blinky\OS3\IAR\source\Obj\lib_mem.o"
#        "C:\Users\Brannon\Development\Independent
#        Study\MicroCOS-III\Renesas\YRDKRX63N\Blinky\OS3\IAR\source\Obj\lib_str.o"
#        "C:\Users\Brannon\Development\Independent
#        Study\MicroCOS-III\Renesas\YRDKRX63N\Blinky\OS3\IAR\source\Obj\main.o"
#        "C:\Users\Brannon\Development\Independent
#        Study\MicroCOS-III\Renesas\YRDKRX63N\Blinky\OS3\IAR\source\Obj\os_app_hooks.o"
#        "C:\Users\Brannon\Development\Independent
#        Study\MicroCOS-III\Renesas\YRDKRX63N\Blinky\OS3\IAR\source\Obj\os_cfg_app.o"
#        "C:\Users\Brannon\Development\Independent
#        Study\MicroCOS-III\Renesas\YRDKRX63N\Blinky\OS3\IAR\source\Obj\os_core.o"
#        "C:\Users\Brannon\Development\Independent
#        Study\MicroCOS-III\Renesas\YRDKRX63N\Blinky\OS3\IAR\source\Obj\os_cpu_a.o"
#        "C:\Users\Brannon\Development\Independent
#        Study\MicroCOS-III\Renesas\YRDKRX63N\Blinky\OS3\IAR\source\Obj\os_cpu_c.o"
#        "C:\Users\Brannon\Development\Independent
#        Study\MicroCOS-III\Renesas\YRDKRX63N\Blinky\OS3\IAR\source\Obj\os_dbg.o"
#        "C:\Users\Brannon\Development\Independent
#        Study\MicroCOS-III\Renesas\YRDKRX63N\Blinky\OS3\IAR\source\Obj\os_flag.o"
#        "C:\Users\Brannon\Development\Independent
#        Study\MicroCOS-III\Renesas\YRDKRX63N\Blinky\OS3\IAR\source\Obj\os_mem.o"
#        "C:\Users\Brannon\Development\Independent
#        Study\MicroCOS-III\Renesas\YRDKRX63N\Blinky\OS3\IAR\source\Obj\os_mon.o"
#        "C:\Users\Brannon\Development\Independent
#        Study\MicroCOS-III\Renesas\YRDKRX63N\Blinky\OS3\IAR\source\Obj\os_msg.o"
#        "C:\Users\Brannon\Development\Independent
#        Study\MicroCOS-III\Renesas\YRDKRX63N\Blinky\OS3\IAR\source\Obj\os_mutex.o"
#        "C:\Users\Brannon\Development\Independent
#        Study\MicroCOS-III\Renesas\YRDKRX63N\Blinky\OS3\IAR\source\Obj\os_prio.o"
#        "C:\Users\Brannon\Development\Independent
#        Study\MicroCOS-III\Renesas\YRDKRX63N\Blinky\OS3\IAR\source\Obj\os_q.o"
#        "C:\Users\Brannon\Development\Independent
#        Study\MicroCOS-III\Renesas\YRDKRX63N\Blinky\OS3\IAR\source\Obj\os_sem.o"
#        "C:\Users\Brannon\Development\Independent
#        Study\MicroCOS-III\Renesas\YRDKRX63N\Blinky\OS3\IAR\source\Obj\os_stat.o"
#        "C:\Users\Brannon\Development\Independent
#        Study\MicroCOS-III\Renesas\YRDKRX63N\Blinky\OS3\IAR\source\Obj\os_task.o"
#        "C:\Users\Brannon\Development\Independent
#        Study\MicroCOS-III\Renesas\YRDKRX63N\Blinky\OS3\IAR\source\Obj\os_tick.o"
#        "C:\Users\Brannon\Development\Independent
#        Study\MicroCOS-III\Renesas\YRDKRX63N\Blinky\OS3\IAR\source\Obj\os_time.o"
#        "C:\Users\Brannon\Development\Independent
#        Study\MicroCOS-III\Renesas\YRDKRX63N\Blinky\OS3\IAR\source\Obj\os_tmr.o"
#        "C:\Users\Brannon\Development\Independent
#        Study\MicroCOS-III\Renesas\YRDKRX63N\Blinky\OS3\IAR\source\Obj\os_var.o"
#        "C:\Users\Brannon\Development\Independent
#        Study\MicroCOS-III\Renesas\YRDKRX63N\Blinky\OS3\IAR\source\Obj\startup_rx.o"
#        -o "C:\Users\Brannon\Development\Independent
#        Study\MicroCOS-III\Renesas\YRDKRX63N\Blinky\OS3\IAR\source\Exe\Blinky.out"
#        --map "C:\Users\Brannon\Development\Independent
#        Study\MicroCOS-III\Renesas\YRDKRX63N\Blinky\OS3\IAR\source\List\Blinky.map"
#        --config "C:\Users\Brannon\Development\Independent
#        Study\MicroCOS-III\Renesas\YRDKRX63N\Blinky\OS3\IAR\..\..\..\..\BSP\Startup\RX\IAR\lnkr5f563nb.icf"
#        --remarks --config_def _USTACK_SIZE=0x800 --config_def
#        _ISTACK_SIZE=0x800 --config_def _HEAP_SIZE=0x800 --entry
#        __iar_program_start --debug_lib --vfe)
#
###############################################################################

*******************************************************************************
*** RUNTIME MODEL ATTRIBUTES
***

__SystemLibrary            = DLib
__calling_conv             = abi10
__core                     = 1
__dlib_file_descriptor     = 0
__dlib_full_locale_support = 0
__double_size              = 32
__endian                   = l
__enum_size                = var
__fpu                      = 1
__int_size                 = 32
__lock_R10                 = 0
__lock_R11                 = 0
__lock_R12                 = 0
__lock_R13                 = 0
__lock_R8                  = 0
__lock_R9                  = 0
__rt_version               = 5


*******************************************************************************
*** PLACEMENT SUMMARY
***

"A0":  place at 0xffffff80 { ro section .nmivec };
"ROM24":
       place in [from 0xfff00000 to 0xffffffff] {
          ro section .code24*, ro section .data24* };
"RAM24":
       place in [from 0x00000004 to 0x0001ffff] { rw section .data24* };
"ROM32":
       place in [from 0xfff00000 to 0xffffffff] { ro };
"STACKS":
       place at end of [0x00000004-0x0001ffff] { block STACKS };
initialize by copy { rw, ro section D, ro section D_1, ro section D_2 };

  Section            Kind        Address    Size  Object
  -------            ----        -------    ----  ------
"RAM24", part 1 of 2:                      0x400
  RAM24-1                     0x00000004   0x400  <Init block>
    .data24.data     inited   0x00000004   0x400  bsp_int.o [1]
                            - 0x00000404   0x400

"RAM24", part 2 of 2:                     0x1a80
  .data24.bss        zero     0x00000404   0x400  lib_mem.o [1]
  .data24.bss        zero     0x00000804   0x200  main.o [1]
  .data24.bss        zero     0x00000a04   0x200  main.o [1]
  .data24.bss        zero     0x00000c04   0x200  main.o [1]
  .data24.bss        zero     0x00000e04   0x200  os_var.o [1]
  .data24.bss        zero     0x00001004   0x190  os_cfg_app.o [1]
  .data24.bss        zero     0x00001194   0x190  os_cfg_app.o [1]
  .data24.bss        zero     0x00001324   0x190  os_cfg_app.o [1]
  .data24.bss        zero     0x000014b4   0x190  os_cfg_app.o [1]
  .data24.bss        zero     0x00001644   0x180  os_cfg_app.o [1]
  .data24.bss        zero     0x000017c4   0x100  os_cfg_app.o [1]
  .data24.bss        zero     0x000018c4    0xac  main.o [1]
  .data24.bss        zero     0x00001970    0xac  main.o [1]
  .data24.bss        zero     0x00001a1c    0xac  main.o [1]
  .data24.bss        zero     0x00001ac8    0xac  os_var.o [1]
  .data24.bss        zero     0x00001b74    0xac  os_var.o [1]
  .data24.bss        zero     0x00001c20    0xac  os_var.o [1]
  .data24.bss        zero     0x00001ccc    0xac  os_var.o [1]
  .data24.bss        zero     0x00001d78    0x18  main.o [1]
  .data24.bss        zero     0x00001d90    0x18  main.o [1]
  .data24.bss        zero     0x00001da8    0x18  os_var.o [1]
  .data24.bss        zero     0x00001dc0    0x14  lib_mem.o [1]
  .data24.bss        zero     0x00001dd4    0x10  bsp_uart.o [1]
  .data24.bss        zero     0x00001de4    0x10  bsp_uart.o [1]
  .data24.bss        zero     0x00001df4    0x10  bsp_uart.o [1]
  .data24.bss        zero     0x00001e04     0x8  os_prio.o [1]
  .data24.bss        zero     0x00001e0c     0x8  os_var.o [1]
  .data24.bss        zero     0x00001e14     0x4  lib_mem.o [1]
  .data24.bss        zero     0x00001e18     0x4  os_cpu_c.o [1]
  .data24.bss        zero     0x00001e1c     0x4  os_var.o [1]
  .data24.bss        zero     0x00001e20     0x4  os_var.o [1]
  .data24.bss        zero     0x00001e24     0x4  os_var.o [1]
  .data24.bss        zero     0x00001e28     0x4  os_var.o [1]
  .data24.bss        zero     0x00001e2c     0x4  os_var.o [1]
  .data24.bss        zero     0x00001e30     0x4  os_var.o [1]
  .data24.bss        zero     0x00001e34     0x4  os_var.o [1]
  .data24.bss        zero     0x00001e38     0x4  os_var.o [1]
  .data24.bss        zero     0x00001e3c     0x4  os_var.o [1]
  .data24.bss        zero     0x00001e40     0x4  os_var.o [1]
  .data24.bss        zero     0x00001e44     0x4  os_var.o [1]
  .data24.bss        zero     0x00001e48     0x4  os_var.o [1]
  .data24.bss        zero     0x00001e4c     0x4  os_var.o [1]
  .data24.bss        zero     0x00001e50     0x4  os_var.o [1]
  .data24.bss        zero     0x00001e54     0x4  os_var.o [1]
  .data24.bss        zero     0x00001e58     0x4  os_var.o [1]
  .data24.bss        zero     0x00001e5c     0x4  os_var.o [1]
  .data24.bss        zero     0x00001e60     0x4  os_var.o [1]
  .data24.bss        zero     0x00001e64     0x4  os_var.o [1]
  .data24.bss        zero     0x00001e68     0x4  os_var.o [1]
  .data24.bss        zero     0x00001e6c     0x4  os_var.o [1]
  .data24.bss        zero     0x00001e70     0x2  os_var.o [1]
  .data24.bss        zero     0x00001e72     0x2  os_var.o [1]
  .data24.bss        zero     0x00001e74     0x2  os_var.o [1]
  .data24.bss        zero     0x00001e76     0x1  bsp_uart.o [1]
  .data24.bss        zero     0x00001e77     0x1  bsp_uart.o [1]
  .data24.bss        zero     0x00001e78     0x1  os_var.o [1]
  .data24.bss        zero     0x00001e79     0x1  os_var.o [1]
  .data24.bss        zero     0x00001e7a     0x1  os_var.o [1]
  .data24.bss        zero     0x00001e7b     0x1  os_var.o [1]
  .data24.bss        zero     0x00001e7c     0x1  os_var.o [1]
  .data24.bss        zero     0x00001e7d     0x1  os_var.o [1]
  .data24.bss        zero     0x00001e7e     0x1  os_var.o [1]
  .data24.bss        zero     0x00001e7f     0x1  os_var.o [1]
  .data24.bss        zero     0x00001e80     0x1  os_var.o [1]
  .data24.bss        zero     0x00001e81     0x1  os_var.o [1]
                            - 0x00001e82  0x1a7e

"STACKS":                                  0x800
  STACKS                      0x0001f800   0x800  <Block>
    ISTACK                    0x0001f800   0x800  <Block>
      ISTACK         uninit   0x0001f800   0x800  <Block tail>
                            - 0x00020000   0x800

"ROM24", part 1 of 2:                      0x1b7
  .data24.rodata     const    0xfff00000   0x100  cpu_core.o [1]
  .data24.rodata     const    0xfff00100     0xd  bsp_uart.o [1]
  .data24.rodata     const    0xfff0010d     0xd  bsp_uart.o [1]
  .data24.rodata     const    0xfff0011a     0xd  main.o [1]
  .data24.rodata     const    0xfff00127     0xd  main.o [1]
  .data24.rodata     const    0xfff00134     0xd  main.o [1]
  .data24.rodata     const    0xfff00141     0xb  main.o [1]
  .data24.rodata     const    0xfff0014c     0xb  main.o [1]
  .data24.rodata     const    0xfff00157     0xa  bsp_uart.o [1]
  .data24.rodata     const    0xfff00161     0x5  lib_mem.o [1]
  .data24.rodata     const    0xfff00166     0x2  os_cfg_app.o [1]
  .data24.rodata     const    0xfff00168     0x4  os_cfg_app.o [1]
  .data24.rodata     const    0xfff0016c     0x4  os_cfg_app.o [1]
  .data24.rodata     const    0xfff00170     0x4  os_cfg_app.o [1]
  .data24.rodata     const    0xfff00174     0x4  os_cfg_app.o [1]
  .data24.rodata     const    0xfff00178     0x4  os_cfg_app.o [1]
  .data24.rodata     const    0xfff0017c     0x4  os_cfg_app.o [1]
  .data24.rodata     const    0xfff00180     0x4  os_cfg_app.o [1]
  .data24.rodata     const    0xfff00184     0x4  os_cfg_app.o [1]
  .data24.rodata     const    0xfff00188     0x4  os_cfg_app.o [1]
  .data24.rodata     const    0xfff0018c     0x4  os_cfg_app.o [1]
  .data24.rodata     const    0xfff00190     0x4  os_cfg_app.o [1]
  .data24.rodata     const    0xfff00194     0x4  os_cfg_app.o [1]
  .data24.rodata     const    0xfff00198     0x4  os_cfg_app.o [1]
  .data24.rodata     const    0xfff0019c     0x4  os_cfg_app.o [1]
  .data24.rodata     const    0xfff001a0     0x4  os_cfg_app.o [1]
  .data24.rodata     const    0xfff001a4     0x4  os_cfg_app.o [1]
  .data24.rodata     const    0xfff001a8     0x4  os_cfg_app.o [1]
  .data24.rodata     const    0xfff001ac     0x4  os_cfg_app.o [1]
  .data24.rodata     const    0xfff001b0     0x4  os_cfg_app.o [1]
  .data24.rodata     const    0xfff001b4     0x1  os_cfg_app.o [1]
  .data24.rodata     const    0xfff001b5     0x1  os_cfg_app.o [1]
  .data24.rodata     const    0xfff001b6     0x1  os_cfg_app.o [1]
                            - 0xfff001b7   0x1b7

"ROM32":                                  0x3e33
  .text              ro code  0xfff001b7   0x8f3  os_core.o [1]
  .text              ro code  0xfff00aaa   0x8b0  os_task.o [1]
  .text              ro code  0xfff0135a   0x189  os_cpu_c.o [1]
  .text              ro code  0xfff014e3    0x9d  os_prio.o [1]
  .text              ro code  0xfff01580     0x4  os_mem.o [1]
  .text              ro code  0xfff01584    0x93  os_msg.o [1]
  .text              ro code  0xfff01617   0x375  os_tick.o [1]
  .text              ro code  0xfff0198c   0x354  os_stat.o [1]
  .text              ro code  0xfff01ce0   0x1ce  os_tmr.o [1]
  .text              ro code  0xfff01eae     0x1  os_cfg_app.o [1]
  .text              ro code  0xfff01eaf    0xa1  os_cpu_a.o [1]
  .text              ro code  0xfff01f50   0x427  os_mutex.o [1]
  .text              ro code  0xfff02377    0x54  cpu_core.o [1]
  .text              ro code  0xfff023cb   0x2bd  os_time.o [1]
  .text              ro code  0xfff02688   0x4a1  bsp_clk.o [1]
  .text              ro code  0xfff02b29     0x2  def_nmi_handlers.o [6]
  .inttable                   0xfff02b2c   0x400  <Block>
    .inttable        const    0xfff02b2c   0x400  interrupt_table.o [4]
  .text              ro code  0xfff02f2c   0x3be  bsp_led.o [1]
  .text              ro code  0xfff032ea   0x351  bsp_int.o [1]
  .text              ro code  0xfff0363b   0x257  bsp_uart.o [1]
  .text              ro code  0xfff03892    0xf9  bsp_os.o [1]
  .text              ro code  0xfff0398b   0x152  os_sem.o [1]
  .text              ro code  0xfff03add   0x1ab  main.o [1]
  .text              ro code  0xfff03c88    0x8f  lib_mem.o [1]
  .text              ro code  0xfff03d17    0x6b  os_q.o [1]
  .text              ro code  0xfff03d82    0x77  os_app_hooks.o [1]
  .text              ro code  0xfff03dfc    0x6c  lz77_init_single.o [4]
  .text              ro code  0xfff03e68    0x22  startup_rx.o [1]
  .text              ro code  0xfff03e8c    0x1f  data_init.o [4]
  .text              ro code  0xfff03eac     0x4  exit.o [4]
  .text              ro code  0xfff03eb0     0x8  cexit.o [4]
  .text              ro code  0xfff03eb8    0x12  __dbg_xxexit.o [3]
  .text              ro code  0xfff03ecc     0x1  __dbg_break.o [3]
  .iar.init_table    const    0xfff03ed0    0x20  - Linker created -
  .text              ro code  0xfff03ef0    0x20  interrupt_table.o [4]
  .text              ro code  0xfff03f10     0xf  __dbg_abort.o [3]
  .switch.rodata     const    0xfff03f20    0x1e  bsp_led.o [1]
  .switch.rodata     const    0xfff03f40    0x1e  bsp_led.o [1]
  .text              ro code  0xfff03f60    0x1a  zero_init2.o [4]
  .switch.rodata     const    0xfff03f7c    0x10  os_task.o [1]
  .switch.rodata     const    0xfff03f8c    0x10  os_task.o [1]
  .switch.rodata     const    0xfff03f9c    0x10  os_task.o [1]
  .switch.rodata     const    0xfff03fac     0xc  bsp_clk.o [1]
  .switch.rodata     const    0xfff03fb8     0x9  bsp_int.o [1]
  .switch.rodata     const    0xfff03fc4     0x8  os_core.o [1]
  .switch.rodata     const    0xfff03fcc     0x8  os_task.o [1]
  .switch.rodata     const    0xfff03fd4     0x6  bsp_clk.o [1]
  .switch.rodata     const    0xfff03fdc     0x6  bsp_clk.o [1]
  .switch.rodata     const    0xfff03fe4     0x6  bsp_clk.o [1]
                            - 0xfff03fea  0x3e33

"ROM24", part 2 of 2:                      0x307
  Initializer bytes  const    0xfff03fea   0x307  <for RAM24-1>
                            - 0xfff042f1   0x307

"A0":                                       0x80
  .nmivec            const    0xffffff80    0x80  nmivec.o [6]
                            - 0x00000000    0x80


*******************************************************************************
*** INIT TABLE
***

          Address     Size
          -------     ----
Zero (___iar_zero_init2)
    1 destination range, total size 0x1a7e:
          0x00000404  0x1a7e

Copy/lz77 (___iar_lz77_init_single2)
    1 source range, total size 0x307 (75% of destination):
          0xfff03fea   0x307
    1 destination range, total size 0x400:
          0x00000004   0x400



*******************************************************************************
*** MODULE SUMMARY
***

    Module              ro code  ro data  rw data
    ------              -------  -------  -------
C:\Users\Brannon\Development\Independent Study\MicroCOS-III\Renesas\YRDKRX63N\Blinky\OS3\IAR\source\Obj: [1]
    bsp_clk.o             1 185       30
    bsp_int.o               849      784    1 024
    bsp_led.o               958       60
    bsp_os.o                249
    bsp_uart.o              599       36       50
    cpu_core.o               84      256
    lib_mem.o               143        5    1 048
    main.o                  427       61    2 100
    os_app_hooks.o          119
    os_cfg_app.o              1       81    2 240
    os_core.o             2 291        8
    os_cpu_a.o              161
    os_cpu_c.o              393                 4
    os_mem.o                  4
    os_msg.o                147
    os_mutex.o            1 063
    os_prio.o               157                 8
    os_q.o                  107
    os_sem.o                338
    os_stat.o               852
    os_task.o             2 224       56
    os_tick.o               885
    os_time.o               701
    os_tmr.o                462
    os_var.o                                1 332
    startup_rx.o             34
    ---------------------------------------------
    Total:               14 433    1 377    7 806

command line: [2]
    ---------------------------------------------
    Total:

dbgrxflld.a: [3]
    __dbg_abort.o            15
    __dbg_break.o             1
    __dbg_xxexit.o           18
    ---------------------------------------------
    Total:                   34

dlrxflln.a: [4]
    cexit.o                   8
    data_init.o              31
    exit.o                    4
    interrupt_table.o        32    1 024
    lz77_init_single.o      108
    zero_init2.o             26
    ---------------------------------------------
    Total:                  209    1 024

rtrxfll.a: [5]
    ---------------------------------------------
    Total:

strxl.a: [6]
    def_nmi_handlers.o        2
    nmivec.o                         128
    ---------------------------------------------
    Total:                    2      128

    Gaps                     10       15
    Linker created                    32    2 048
-------------------------------------------------
    Grand Total:         14 688    2 576    9 854


*******************************************************************************
*** ENTRY LIST
***

Entry                      Address   Size  Type      Object
-----                      -------   ----  ----      ------
.iar.init_table$$Base   0xfff03ed0          --   Gb  - Linker created -
.iar.init_table$$Limit  0xfff03ef0          --   Gb  - Linker created -
.inttable$$Base         0xfff02b2c          --   Gb  - Linker created -
.inttable$$Limit        0xfff02f2c          --   Gb  - Linker created -
ISTACK$$Base            0x0001f800          --   Gb  - Linker created -
ISTACK$$Limit           0x00020000          --   Gb  - Linker created -
Region$$Table$$Base     0xfff03ed0          --   Gb  - Linker created -
Region$$Table$$Limit    0xfff03ef0          --   Gb  - Linker created -
STACKS$$Base            0x0001f800          --   Gb  - Linker created -
STACKS$$Limit           0x00020000          --   Gb  - Linker created -
_AppMutex               0x00001d78   0x18  Data  Lc  main.o [1]
_AppQ                   0x00001d90   0x18  Data  Lc  main.o [1]
_AppTask1               0xfff03c69   0x1f  Code  Lc  main.o [1]
_AppTask1_Stk           0x00000a04  0x200  Data  Lc  main.o [1]
_AppTask1_TCB           0x00001970   0xac  Data  Lc  main.o [1]
_AppTask2               0xfff03c48   0x21  Code  Lc  main.o [1]
_AppTask2_Stk           0x00000c04  0x200  Data  Lc  main.o [1]
_AppTask2_TCB           0x00001a1c   0xac  Data  Lc  main.o [1]
_App_OS_IdleTaskHook    0xfff03df2    0x1  Code  Gb  os_app_hooks.o [1]
_App_OS_SetAllHooks     0xfff03d82   0x70  Code  Gb  os_app_hooks.o [1]
_App_OS_StatTaskHook    0xfff03df3    0x1  Code  Gb  os_app_hooks.o [1]
_App_OS_TaskCreateHook  0xfff03df4    0x1  Code  Gb  os_app_hooks.o [1]
_App_OS_TaskDelHook     0xfff03df5    0x1  Code  Gb  os_app_hooks.o [1]
_App_OS_TaskReturnHook  0xfff03df6    0x1  Code  Gb  os_app_hooks.o [1]
_App_OS_TaskSwHook      0xfff03df7    0x1  Code  Gb  os_app_hooks.o [1]
_App_OS_TimeTickHook    0xfff03df8    0x1  Code  Gb  os_app_hooks.o [1]
_BSP_ClkDisable         0xfff028b1   0x8c  Code  Gb  bsp_clk.o [1]
_BSP_ClkEnable          0xfff0285b   0x56  Code  Gb  bsp_clk.o [1]
_BSP_ClkFreqGet         0xfff02a9a   0x8f  Code  Gb  bsp_clk.o [1]
_BSP_ClkFreqSet         0xfff026bc  0x19f  Code  Gb  bsp_clk.o [1]
_BSP_ClkInit            0xfff029a6   0xf4  Code  Gb  bsp_clk.o [1]
_BSP_ClkPLL_FreqGet     0xfff02688   0x34  Code  Lc  bsp_clk.o [1]
_BSP_ClkPLL_FreqSet     0xfff0293d   0x69  Code  Lc  bsp_clk.o [1]
_BSP_IntClear           0xfff03382   0x19  Code  Gb  bsp_int.o [1]
_BSP_IntEnable          0xfff03358   0x2a  Code  Gb  bsp_int.o [1]
_BSP_IntHandler_000     0xfff0343f    0x2  Code  Gb  bsp_int.o [1]
_BSP_IntHandler_001     0xfff03441    0x2  Code  Gb  bsp_int.o [1]
_BSP_IntHandler_002     0xfff03443    0x2  Code  Gb  bsp_int.o [1]
_BSP_IntHandler_003     0xfff03445    0x2  Code  Gb  bsp_int.o [1]
_BSP_IntHandler_004     0xfff03447    0x2  Code  Gb  bsp_int.o [1]
_BSP_IntHandler_005     0xfff03449    0x2  Code  Gb  bsp_int.o [1]
_BSP_IntHandler_006     0xfff0344b    0x2  Code  Gb  bsp_int.o [1]
_BSP_IntHandler_007     0xfff0344d    0x2  Code  Gb  bsp_int.o [1]
_BSP_IntHandler_008     0xfff0344f    0x2  Code  Gb  bsp_int.o [1]
_BSP_IntHandler_009     0xfff03451    0x2  Code  Gb  bsp_int.o [1]
_BSP_IntHandler_010     0xfff03453    0x2  Code  Gb  bsp_int.o [1]
_BSP_IntHandler_011     0xfff03455    0x2  Code  Gb  bsp_int.o [1]
_BSP_IntHandler_012     0xfff03457    0x2  Code  Gb  bsp_int.o [1]
_BSP_IntHandler_013     0xfff03459    0x2  Code  Gb  bsp_int.o [1]
_BSP_IntHandler_014     0xfff0345b    0x2  Code  Gb  bsp_int.o [1]
_BSP_IntHandler_015     0xfff0345d    0x2  Code  Gb  bsp_int.o [1]
_BSP_IntHandler_016     0xfff0345f    0x2  Code  Gb  bsp_int.o [1]
_BSP_IntHandler_017     0xfff03461    0x2  Code  Gb  bsp_int.o [1]
_BSP_IntHandler_018     0xfff03463    0x2  Code  Gb  bsp_int.o [1]
_BSP_IntHandler_019     0xfff03465    0x2  Code  Gb  bsp_int.o [1]
_BSP_IntHandler_020     0xfff03467    0x2  Code  Gb  bsp_int.o [1]
_BSP_IntHandler_021     0xfff03469    0x2  Code  Gb  bsp_int.o [1]
_BSP_IntHandler_022     0xfff0346b    0x2  Code  Gb  bsp_int.o [1]
_BSP_IntHandler_023     0xfff0346d    0x2  Code  Gb  bsp_int.o [1]
_BSP_IntHandler_024     0xfff0346f    0x2  Code  Gb  bsp_int.o [1]
_BSP_IntHandler_025     0xfff03471    0x2  Code  Gb  bsp_int.o [1]
_BSP_IntHandler_026     0xfff03473    0x2  Code  Gb  bsp_int.o [1]
_BSP_IntHandler_029     0xfff03475    0x2  Code  Gb  bsp_int.o [1]
_BSP_IntHandler_030     0xfff03477    0x2  Code  Gb  bsp_int.o [1]
_BSP_IntHandler_031     0xfff03479    0x2  Code  Gb  bsp_int.o [1]
_BSP_IntHandler_032     0xfff0347b    0x2  Code  Gb  bsp_int.o [1]
_BSP_IntHandler_033     0xfff0347d    0x2  Code  Gb  bsp_int.o [1]
_BSP_IntHandler_034     0xfff0347f    0x2  Code  Gb  bsp_int.o [1]
_BSP_IntHandler_035     0xfff03481    0x2  Code  Gb  bsp_int.o [1]
_BSP_IntHandler_036     0xfff03483    0x2  Code  Gb  bsp_int.o [1]
_BSP_IntHandler_037     0xfff03485    0x2  Code  Gb  bsp_int.o [1]
_BSP_IntHandler_038     0xfff03487    0x2  Code  Gb  bsp_int.o [1]
_BSP_IntHandler_039     0xfff03489    0x2  Code  Gb  bsp_int.o [1]
_BSP_IntHandler_040     0xfff0348b    0x2  Code  Gb  bsp_int.o [1]
_BSP_IntHandler_041     0xfff0348d    0x2  Code  Gb  bsp_int.o [1]
_BSP_IntHandler_042     0xfff0348f    0x2  Code  Gb  bsp_int.o [1]
_BSP_IntHandler_043     0xfff03491    0x2  Code  Gb  bsp_int.o [1]
_BSP_IntHandler_044     0xfff03493    0x2  Code  Gb  bsp_int.o [1]
_BSP_IntHandler_045     0xfff03495    0x2  Code  Gb  bsp_int.o [1]
_BSP_IntHandler_046     0xfff03497    0x2  Code  Gb  bsp_int.o [1]
_BSP_IntHandler_047     0xfff03499    0x2  Code  Gb  bsp_int.o [1]
_BSP_IntHandler_048     0xfff0349b    0x2  Code  Gb  bsp_int.o [1]
_BSP_IntHandler_049     0xfff0349d    0x2  Code  Gb  bsp_int.o [1]
_BSP_IntHandler_050     0xfff0349f    0x2  Code  Gb  bsp_int.o [1]
_BSP_IntHandler_051     0xfff034a1    0x2  Code  Gb  bsp_int.o [1]
_BSP_IntHandler_052     0xfff034a3    0x2  Code  Gb  bsp_int.o [1]
_BSP_IntHandler_053     0xfff034a5    0x2  Code  Gb  bsp_int.o [1]
_BSP_IntHandler_054     0xfff034a7    0x2  Code  Gb  bsp_int.o [1]
_BSP_IntHandler_055     0xfff034a9    0x2  Code  Gb  bsp_int.o [1]
_BSP_IntHandler_056     0xfff034ab    0x2  Code  Gb  bsp_int.o [1]
_BSP_IntHandler_057     0xfff034ad    0x2  Code  Gb  bsp_int.o [1]
_BSP_IntHandler_058     0xfff034af    0x2  Code  Gb  bsp_int.o [1]
_BSP_IntHandler_059     0xfff034b1    0x2  Code  Gb  bsp_int.o [1]
_BSP_IntHandler_060     0xfff034b3    0x2  Code  Gb  bsp_int.o [1]
_BSP_IntHandler_061     0xfff034b5    0x2  Code  Gb  bsp_int.o [1]
_BSP_IntHandler_062     0xfff034b7    0x2  Code  Gb  bsp_int.o [1]
_BSP_IntHandler_063     0xfff034b9    0x2  Code  Gb  bsp_int.o [1]
_BSP_IntHandler_064     0xfff034bb    0x2  Code  Gb  bsp_int.o [1]
_BSP_IntHandler_065     0xfff034bd    0x2  Code  Gb  bsp_int.o [1]
_BSP_IntHandler_066     0xfff034bf    0x2  Code  Gb  bsp_int.o [1]
_BSP_IntHandler_067     0xfff034c1    0x2  Code  Gb  bsp_int.o [1]
_BSP_IntHandler_068     0xfff034c3    0x2  Code  Gb  bsp_int.o [1]
_BSP_IntHandler_069     0xfff034c5    0x2  Code  Gb  bsp_int.o [1]
_BSP_IntHandler_070     0xfff034c7    0x2  Code  Gb  bsp_int.o [1]
_BSP_IntHandler_071     0xfff034c9    0x2  Code  Gb  bsp_int.o [1]
_BSP_IntHandler_072     0xfff034cb    0x2  Code  Gb  bsp_int.o [1]
_BSP_IntHandler_073     0xfff034cd    0x2  Code  Gb  bsp_int.o [1]
_BSP_IntHandler_074     0xfff034cf    0x2  Code  Gb  bsp_int.o [1]
_BSP_IntHandler_075     0xfff034d1    0x2  Code  Gb  bsp_int.o [1]
_BSP_IntHandler_076     0xfff034d3    0x2  Code  Gb  bsp_int.o [1]
_BSP_IntHandler_077     0xfff034d5    0x2  Code  Gb  bsp_int.o [1]
_BSP_IntHandler_078     0xfff034d7    0x2  Code  Gb  bsp_int.o [1]
_BSP_IntHandler_079     0xfff034d9    0x2  Code  Gb  bsp_int.o [1]
_BSP_IntHandler_080     0xfff034db    0x2  Code  Gb  bsp_int.o [1]
_BSP_IntHandler_081     0xfff034dd    0x2  Code  Gb  bsp_int.o [1]
_BSP_IntHandler_082     0xfff034df    0x2  Code  Gb  bsp_int.o [1]
_BSP_IntHandler_083     0xfff034e1    0x2  Code  Gb  bsp_int.o [1]
_BSP_IntHandler_084     0xfff034e3    0x2  Code  Gb  bsp_int.o [1]
_BSP_IntHandler_085     0xfff034e5    0x2  Code  Gb  bsp_int.o [1]
_BSP_IntHandler_086     0xfff034e7    0x2  Code  Gb  bsp_int.o [1]
_BSP_IntHandler_087     0xfff034e9    0x2  Code  Gb  bsp_int.o [1]
_BSP_IntHandler_088     0xfff034eb    0x2  Code  Gb  bsp_int.o [1]
_BSP_IntHandler_089     0xfff034ed    0x2  Code  Gb  bsp_int.o [1]
_BSP_IntHandler_090     0xfff034ef    0x2  Code  Gb  bsp_int.o [1]
_BSP_IntHandler_091     0xfff034f1    0x2  Code  Gb  bsp_int.o [1]
_BSP_IntHandler_092     0xfff034f3    0x2  Code  Gb  bsp_int.o [1]
_BSP_IntHandler_093     0xfff034f5    0x2  Code  Gb  bsp_int.o [1]
_BSP_IntHandler_094     0xfff034f7    0x2  Code  Gb  bsp_int.o [1]
_BSP_IntHandler_095     0xfff034f9    0x2  Code  Gb  bsp_int.o [1]
_BSP_IntHandler_096     0xfff034fb    0x2  Code  Gb  bsp_int.o [1]
_BSP_IntHandler_097     0xfff034fd    0x2  Code  Gb  bsp_int.o [1]
_BSP_IntHandler_098     0xfff034ff    0x2  Code  Gb  bsp_int.o [1]
_BSP_IntHandler_099     0xfff03501    0x2  Code  Gb  bsp_int.o [1]
_BSP_IntHandler_100     0xfff03503    0x2  Code  Gb  bsp_int.o [1]
_BSP_IntHandler_101     0xfff03505    0x2  Code  Gb  bsp_int.o [1]
_BSP_IntHandler_102     0xfff03507    0x2  Code  Gb  bsp_int.o [1]
_BSP_IntHandler_103     0xfff03509    0x2  Code  Gb  bsp_int.o [1]
_BSP_IntHandler_104     0xfff0350b    0x2  Code  Gb  bsp_int.o [1]
_BSP_IntHandler_105     0xfff0350d    0x2  Code  Gb  bsp_int.o [1]
_BSP_IntHandler_106     0xfff0350f    0x2  Code  Gb  bsp_int.o [1]
_BSP_IntHandler_107     0xfff03511    0x2  Code  Gb  bsp_int.o [1]
_BSP_IntHandler_108     0xfff03513    0x2  Code  Gb  bsp_int.o [1]
_BSP_IntHandler_109     0xfff03515    0x2  Code  Gb  bsp_int.o [1]
_BSP_IntHandler_110     0xfff03517    0x2  Code  Gb  bsp_int.o [1]
_BSP_IntHandler_111     0xfff03519    0x2  Code  Gb  bsp_int.o [1]
_BSP_IntHandler_112     0xfff0351b    0x2  Code  Gb  bsp_int.o [1]
_BSP_IntHandler_113     0xfff0351d    0x2  Code  Gb  bsp_int.o [1]
_BSP_IntHandler_114     0xfff0351f    0x2  Code  Gb  bsp_int.o [1]
_BSP_IntHandler_115     0xfff03521    0x2  Code  Gb  bsp_int.o [1]
_BSP_IntHandler_116     0xfff03523    0x2  Code  Gb  bsp_int.o [1]
_BSP_IntHandler_117     0xfff03525    0x2  Code  Gb  bsp_int.o [1]
_BSP_IntHandler_118     0xfff03527    0x2  Code  Gb  bsp_int.o [1]
_BSP_IntHandler_119     0xfff03529    0x2  Code  Gb  bsp_int.o [1]
_BSP_IntHandler_120     0xfff0352b    0x2  Code  Gb  bsp_int.o [1]
_BSP_IntHandler_121     0xfff0352d    0x2  Code  Gb  bsp_int.o [1]
_BSP_IntHandler_122     0xfff0352f    0x2  Code  Gb  bsp_int.o [1]
_BSP_IntHandler_123     0xfff03531    0x2  Code  Gb  bsp_int.o [1]
_BSP_IntHandler_124     0xfff03533    0x2  Code  Gb  bsp_int.o [1]
_BSP_IntHandler_125     0xfff03535    0x2  Code  Gb  bsp_int.o [1]
_BSP_IntHandler_126     0xfff03537    0x2  Code  Gb  bsp_int.o [1]
_BSP_IntHandler_127     0xfff03539    0x2  Code  Gb  bsp_int.o [1]
_BSP_IntHandler_128     0xfff0353b    0x2  Code  Gb  bsp_int.o [1]
_BSP_IntHandler_129     0xfff0353d    0x2  Code  Gb  bsp_int.o [1]
_BSP_IntHandler_130     0xfff0353f    0x2  Code  Gb  bsp_int.o [1]
_BSP_IntHandler_131     0xfff03541    0x2  Code  Gb  bsp_int.o [1]
_BSP_IntHandler_132     0xfff03543    0x2  Code  Gb  bsp_int.o [1]
_BSP_IntHandler_133     0xfff03545    0x2  Code  Gb  bsp_int.o [1]
_BSP_IntHandler_134     0xfff03547    0x2  Code  Gb  bsp_int.o [1]
_BSP_IntHandler_135     0xfff03549    0x2  Code  Gb  bsp_int.o [1]
_BSP_IntHandler_136     0xfff0354b    0x2  Code  Gb  bsp_int.o [1]
_BSP_IntHandler_137     0xfff0354d    0x2  Code  Gb  bsp_int.o [1]
_BSP_IntHandler_138     0xfff0354f    0x2  Code  Gb  bsp_int.o [1]
_BSP_IntHandler_139     0xfff03551    0x2  Code  Gb  bsp_int.o [1]
_BSP_IntHandler_140     0xfff03553    0x2  Code  Gb  bsp_int.o [1]
_BSP_IntHandler_141     0xfff03555    0x2  Code  Gb  bsp_int.o [1]
_BSP_IntHandler_142     0xfff03557    0x2  Code  Gb  bsp_int.o [1]
_BSP_IntHandler_143     0xfff03559    0x2  Code  Gb  bsp_int.o [1]
_BSP_IntHandler_144     0xfff0355b    0x2  Code  Gb  bsp_int.o [1]
_BSP_IntHandler_145     0xfff0355d    0x2  Code  Gb  bsp_int.o [1]
_BSP_IntHandler_146     0xfff0355f    0x2  Code  Gb  bsp_int.o [1]
_BSP_IntHandler_147     0xfff03561    0x2  Code  Gb  bsp_int.o [1]
_BSP_IntHandler_148     0xfff03563    0x2  Code  Gb  bsp_int.o [1]
_BSP_IntHandler_149     0xfff03565    0x2  Code  Gb  bsp_int.o [1]
_BSP_IntHandler_150     0xfff03567    0x2  Code  Gb  bsp_int.o [1]
_BSP_IntHandler_151     0xfff03569    0x2  Code  Gb  bsp_int.o [1]
_BSP_IntHandler_152     0xfff0356b    0x2  Code  Gb  bsp_int.o [1]
_BSP_IntHandler_153     0xfff0356d    0x2  Code  Gb  bsp_int.o [1]
_BSP_IntHandler_154     0xfff0356f    0x2  Code  Gb  bsp_int.o [1]
_BSP_IntHandler_155     0xfff03571    0x2  Code  Gb  bsp_int.o [1]
_BSP_IntHandler_156     0xfff03573    0x2  Code  Gb  bsp_int.o [1]
_BSP_IntHandler_157     0xfff03575    0x2  Code  Gb  bsp_int.o [1]
_BSP_IntHandler_158     0xfff03577    0x2  Code  Gb  bsp_int.o [1]
_BSP_IntHandler_159     0xfff03579    0x2  Code  Gb  bsp_int.o [1]
_BSP_IntHandler_160     0xfff0357b    0x2  Code  Gb  bsp_int.o [1]
_BSP_IntHandler_161     0xfff0357d    0x2  Code  Gb  bsp_int.o [1]
_BSP_IntHandler_162     0xfff0357f    0x2  Code  Gb  bsp_int.o [1]
_BSP_IntHandler_163     0xfff03581    0x2  Code  Gb  bsp_int.o [1]
_BSP_IntHandler_164     0xfff03583    0x2  Code  Gb  bsp_int.o [1]
_BSP_IntHandler_165     0xfff03585    0x2  Code  Gb  bsp_int.o [1]
_BSP_IntHandler_166     0xfff03587    0x2  Code  Gb  bsp_int.o [1]
_BSP_IntHandler_167     0xfff03589    0x2  Code  Gb  bsp_int.o [1]
_BSP_IntHandler_168     0xfff0358b    0x2  Code  Gb  bsp_int.o [1]
_BSP_IntHandler_169     0xfff0358d    0x2  Code  Gb  bsp_int.o [1]
_BSP_IntHandler_170     0xfff0358f    0x2  Code  Gb  bsp_int.o [1]
_BSP_IntHandler_171     0xfff03591    0x2  Code  Gb  bsp_int.o [1]
_BSP_IntHandler_172     0xfff03593    0x2  Code  Gb  bsp_int.o [1]
_BSP_IntHandler_173     0xfff03595    0x2  Code  Gb  bsp_int.o [1]
_BSP_IntHandler_174     0xfff03597    0x2  Code  Gb  bsp_int.o [1]
_BSP_IntHandler_175     0xfff03599    0x2  Code  Gb  bsp_int.o [1]
_BSP_IntHandler_176     0xfff0359b    0x2  Code  Gb  bsp_int.o [1]
_BSP_IntHandler_177     0xfff0359d    0x2  Code  Gb  bsp_int.o [1]
_BSP_IntHandler_178     0xfff0359f    0x2  Code  Gb  bsp_int.o [1]
_BSP_IntHandler_179     0xfff035a1    0x2  Code  Gb  bsp_int.o [1]
_BSP_IntHandler_180     0xfff035a3    0x2  Code  Gb  bsp_int.o [1]
_BSP_IntHandler_181     0xfff035a5    0x2  Code  Gb  bsp_int.o [1]
_BSP_IntHandler_182     0xfff035a7    0x2  Code  Gb  bsp_int.o [1]
_BSP_IntHandler_183     0xfff035a9    0x2  Code  Gb  bsp_int.o [1]
_BSP_IntHandler_184     0xfff035ab    0x2  Code  Gb  bsp_int.o [1]
_BSP_IntHandler_185     0xfff035ad    0x2  Code  Gb  bsp_int.o [1]
_BSP_IntHandler_186     0xfff035af    0x2  Code  Gb  bsp_int.o [1]
_BSP_IntHandler_187     0xfff035b1    0x2  Code  Gb  bsp_int.o [1]
_BSP_IntHandler_188     0xfff035b3    0x2  Code  Gb  bsp_int.o [1]
_BSP_IntHandler_189     0xfff035b5    0x2  Code  Gb  bsp_int.o [1]
_BSP_IntHandler_190     0xfff035b7    0x2  Code  Gb  bsp_int.o [1]
_BSP_IntHandler_191     0xfff035b9    0x2  Code  Gb  bsp_int.o [1]
_BSP_IntHandler_192     0xfff035bb    0x2  Code  Gb  bsp_int.o [1]
_BSP_IntHandler_193     0xfff035bd    0x2  Code  Gb  bsp_int.o [1]
_BSP_IntHandler_194     0xfff035bf    0x2  Code  Gb  bsp_int.o [1]
_BSP_IntHandler_195     0xfff035c1    0x2  Code  Gb  bsp_int.o [1]
_BSP_IntHandler_196     0xfff035c3    0x2  Code  Gb  bsp_int.o [1]
_BSP_IntHandler_197     0xfff035c5    0x2  Code  Gb  bsp_int.o [1]
_BSP_IntHandler_198     0xfff035c7    0x2  Code  Gb  bsp_int.o [1]
_BSP_IntHandler_199     0xfff035c9    0x2  Code  Gb  bsp_int.o [1]
_BSP_IntHandler_200     0xfff035cb    0x2  Code  Gb  bsp_int.o [1]
_BSP_IntHandler_201     0xfff035cd    0x2  Code  Gb  bsp_int.o [1]
_BSP_IntHandler_202     0xfff035cf    0x2  Code  Gb  bsp_int.o [1]
_BSP_IntHandler_203     0xfff035d1    0x2  Code  Gb  bsp_int.o [1]
_BSP_IntHandler_204     0xfff035d3    0x2  Code  Gb  bsp_int.o [1]
_BSP_IntHandler_205     0xfff035d5    0x2  Code  Gb  bsp_int.o [1]
_BSP_IntHandler_206     0xfff035d7    0x2  Code  Gb  bsp_int.o [1]
_BSP_IntHandler_207     0xfff035d9    0x2  Code  Gb  bsp_int.o [1]
_BSP_IntHandler_208     0xfff035db    0x2  Code  Gb  bsp_int.o [1]
_BSP_IntHandler_209     0xfff035dd    0x2  Code  Gb  bsp_int.o [1]
_BSP_IntHandler_210     0xfff035df    0x2  Code  Gb  bsp_int.o [1]
_BSP_IntHandler_211     0xfff035e1    0x2  Code  Gb  bsp_int.o [1]
_BSP_IntHandler_212     0xfff035e3    0x2  Code  Gb  bsp_int.o [1]
_BSP_IntHandler_213     0xfff035e5    0x2  Code  Gb  bsp_int.o [1]
_BSP_IntHandler_214     0xfff035e7    0x2  Code  Gb  bsp_int.o [1]
_BSP_IntHandler_215     0xfff035e9    0x2  Code  Gb  bsp_int.o [1]
_BSP_IntHandler_216     0xfff035eb    0x2  Code  Gb  bsp_int.o [1]
_BSP_IntHandler_217     0xfff035ed    0x2  Code  Gb  bsp_int.o [1]
_BSP_IntHandler_218     0xfff035ef    0x2  Code  Gb  bsp_int.o [1]
_BSP_IntHandler_219     0xfff035f1    0x2  Code  Gb  bsp_int.o [1]
_BSP_IntHandler_220     0xfff035f3    0x2  Code  Gb  bsp_int.o [1]
_BSP_IntHandler_221     0xfff035f5    0x2  Code  Gb  bsp_int.o [1]
_BSP_IntHandler_222     0xfff035f7    0x2  Code  Gb  bsp_int.o [1]
_BSP_IntHandler_223     0xfff035f9    0x2  Code  Gb  bsp_int.o [1]
_BSP_IntHandler_224     0xfff035fb    0x2  Code  Gb  bsp_int.o [1]
_BSP_IntHandler_225     0xfff035fd    0x2  Code  Gb  bsp_int.o [1]
_BSP_IntHandler_226     0xfff035ff    0x2  Code  Gb  bsp_int.o [1]
_BSP_IntHandler_227     0xfff03601    0x2  Code  Gb  bsp_int.o [1]
_BSP_IntHandler_228     0xfff03603    0x2  Code  Gb  bsp_int.o [1]
_BSP_IntHandler_229     0xfff03605    0x2  Code  Gb  bsp_int.o [1]
_BSP_IntHandler_230     0xfff03607    0x2  Code  Gb  bsp_int.o [1]
_BSP_IntHandler_231     0xfff03609    0x2  Code  Gb  bsp_int.o [1]
_BSP_IntHandler_232     0xfff0360b    0x2  Code  Gb  bsp_int.o [1]
_BSP_IntHandler_233     0xfff0360d    0x2  Code  Gb  bsp_int.o [1]
_BSP_IntHandler_234     0xfff0360f    0x2  Code  Gb  bsp_int.o [1]
_BSP_IntHandler_235     0xfff03611    0x2  Code  Gb  bsp_int.o [1]
_BSP_IntHandler_236     0xfff03613    0x2  Code  Gb  bsp_int.o [1]
_BSP_IntHandler_237     0xfff03615    0x2  Code  Gb  bsp_int.o [1]
_BSP_IntHandler_238     0xfff03617    0x2  Code  Gb  bsp_int.o [1]
_BSP_IntHandler_239     0xfff03619    0x2  Code  Gb  bsp_int.o [1]
_BSP_IntHandler_240     0xfff0361b    0x2  Code  Gb  bsp_int.o [1]
_BSP_IntHandler_241     0xfff0361d    0x2  Code  Gb  bsp_int.o [1]
_BSP_IntHandler_242     0xfff0361f    0x2  Code  Gb  bsp_int.o [1]
_BSP_IntHandler_243     0xfff03621    0x2  Code  Gb  bsp_int.o [1]
_BSP_IntHandler_244     0xfff03623    0x2  Code  Gb  bsp_int.o [1]
_BSP_IntHandler_245     0xfff03625    0x2  Code  Gb  bsp_int.o [1]
_BSP_IntHandler_246     0xfff03627    0x2  Code  Gb  bsp_int.o [1]
_BSP_IntHandler_247     0xfff03629    0x2  Code  Gb  bsp_int.o [1]
_BSP_IntHandler_248     0xfff0362b    0x2  Code  Gb  bsp_int.o [1]
_BSP_IntHandler_249     0xfff0362d    0x2  Code  Gb  bsp_int.o [1]
_BSP_IntHandler_250     0xfff0362f    0x2  Code  Gb  bsp_int.o [1]
_BSP_IntHandler_251     0xfff03631    0x2  Code  Gb  bsp_int.o [1]
_BSP_IntHandler_252     0xfff03633    0x2  Code  Gb  bsp_int.o [1]
_BSP_IntHandler_253     0xfff03635    0x2  Code  Gb  bsp_int.o [1]
_BSP_IntHandler_254     0xfff03637    0x2  Code  Gb  bsp_int.o [1]
_BSP_IntHandler_255     0xfff03639    0x2  Code  Gb  bsp_int.o [1]
_BSP_IntInit            0xfff0332c   0x2c  Code  Gb  bsp_int.o [1]
_BSP_IntPrioSet         0xfff0339b   0xa4  Code  Gb  bsp_int.o [1]
_BSP_IntVectSet         0xfff032ea   0x42  Code  Gb  bsp_int.o [1]
_BSP_IntVectTbl         0x00000004  0x400  Data  Lc  bsp_int.o [1]
_BSP_LED_Init           0xfff03012   0x16  Code  Gb  bsp_led.o [1]
_BSP_LED_Off            0xfff02f2c   0xe6  Code  Gb  bsp_led.o [1]
_BSP_LED_Toggle         0xfff03028  0x2c2  Code  Gb  bsp_led.o [1]
_BSP_OS_SemCreate       0xfff0395d   0x19  Code  Gb  bsp_os.o [1]
_BSP_OS_SemPost         0xfff03976   0x15  Code  Gb  bsp_os.o [1]
_BSP_OS_TickEnable      0xfff03915   0x1e  Code  Gb  bsp_os.o [1]
_BSP_OS_TickISR         0xfff03933   0x2a  Code  Gb  bsp_os.o [1]
_BSP_OS_TickInit        0xfff03892   0x83  Code  Gb  bsp_os.o [1]
_BSP_UART_GetBRR        0xfff036fd   0x3f  Code  Lc  bsp_uart.o [1]
_BSP_UART_ISR_Rx_Handler
                        0xfff03806   0x44  Code  Gb  bsp_uart.o [1]
_BSP_UART_ISR_Tx_Handler
                        0xfff0384a   0x48  Code  Gb  bsp_uart.o [1]
_BSP_UART_Init          0xfff0363b   0xc2  Code  Gb  bsp_uart.o [1]
_BSP_UART_Lock          0x00001df4   0x10  Data  Lc  bsp_uart.o [1]
_BSP_UART_RxData        0x00001e76    0x1  Data  Lc  bsp_uart.o [1]
_BSP_UART_RxWait        0x00001dd4   0x10  Data  Lc  bsp_uart.o [1]
_BSP_UART_Start         0xfff0373c   0xca  Code  Gb  bsp_uart.o [1]
_BSP_UART_Status        0x00001e77    0x1  Data  Lc  bsp_uart.o [1]
_BSP_UART_TxWait        0x00001de4   0x10  Data  Lc  bsp_uart.o [1]
_CPU_CntLeadZeros       0xfff023c9    0x2  Code  Gb  cpu_core.o [1]
_CPU_CntLeadZeros32     0xfff0237a   0x4f  Code  Gb  cpu_core.o [1]
_CPU_CntLeadZerosTbl    0xfff00000  0x100  Data  Lc  cpu_core.o [1]
_CPU_Init               0xfff02377    0x1  Code  Gb  cpu_core.o [1]
_CPU_SW_Exception       0xfff02378    0x2  Code  Gb  cpu_core.o [1]
_Mem_Heap               0x00000404  0x400  Data  Gb  lib_mem.o [1]
_Mem_Init               0xfff03ce1   0x36  Code  Gb  lib_mem.o [1]
_Mem_SegCreate          0xfff03caa   0x37  Code  Gb  lib_mem.o [1]
_Mem_SegCreateCritical  0xfff03c88   0x22  Code  Lc  lib_mem.o [1]
_Mem_SegHeadPtr         0x00001e14    0x4  Data  Gb  lib_mem.o [1]
_Mem_SegHeap            0x00001dc0   0x14  Data  Gb  lib_mem.o [1]
_OSCfg_ISRStk           0x00001004  0x190  Data  Gb  os_cfg_app.o [1]
_OSCfg_ISRStkBasePtr    0xfff00174    0x4  Data  Gb  os_cfg_app.o [1]
_OSCfg_ISRStkSize       0xfff00178    0x4  Data  Gb  os_cfg_app.o [1]
_OSCfg_IdleTaskStk      0x000017c4  0x100  Data  Gb  os_cfg_app.o [1]
_OSCfg_IdleTaskStkBasePtr
                        0xfff00168    0x4  Data  Gb  os_cfg_app.o [1]
_OSCfg_IdleTaskStkLimit
                        0xfff0016c    0x4  Data  Gb  os_cfg_app.o [1]
_OSCfg_IdleTaskStkSize  0xfff00170    0x4  Data  Gb  os_cfg_app.o [1]
_OSCfg_Init             0xfff01eae    0x1  Code  Gb  os_cfg_app.o [1]
_OSCfg_MsgPool          0x00001644  0x180  Data  Gb  os_cfg_app.o [1]
_OSCfg_MsgPoolBasePtr   0xfff0017c    0x4  Data  Gb  os_cfg_app.o [1]
_OSCfg_MsgPoolSize      0xfff00166    0x2  Data  Gb  os_cfg_app.o [1]
_OSCfg_StatTaskPrio     0xfff001b4    0x1  Data  Gb  os_cfg_app.o [1]
_OSCfg_StatTaskRate_Hz  0xfff00180    0x4  Data  Gb  os_cfg_app.o [1]
_OSCfg_StatTaskStk      0x00001194  0x190  Data  Gb  os_cfg_app.o [1]
_OSCfg_StatTaskStkBasePtr
                        0xfff00184    0x4  Data  Gb  os_cfg_app.o [1]
_OSCfg_StatTaskStkLimit
                        0xfff00188    0x4  Data  Gb  os_cfg_app.o [1]
_OSCfg_StatTaskStkSize  0xfff0018c    0x4  Data  Gb  os_cfg_app.o [1]
_OSCfg_StkSizeMin       0xfff00190    0x4  Data  Gb  os_cfg_app.o [1]
_OSCfg_TickRate_Hz      0xfff00194    0x4  Data  Gb  os_cfg_app.o [1]
_OSCfg_TickTaskPrio     0xfff001b5    0x1  Data  Gb  os_cfg_app.o [1]
_OSCfg_TickTaskStk      0x00001324  0x190  Data  Gb  os_cfg_app.o [1]
_OSCfg_TickTaskStkBasePtr
                        0xfff00198    0x4  Data  Gb  os_cfg_app.o [1]
_OSCfg_TickTaskStkLimit
                        0xfff0019c    0x4  Data  Gb  os_cfg_app.o [1]
_OSCfg_TickTaskStkSize  0xfff001a0    0x4  Data  Gb  os_cfg_app.o [1]
_OSCfg_TmrTaskPrio      0xfff001b6    0x1  Data  Gb  os_cfg_app.o [1]
_OSCfg_TmrTaskRate_Hz   0xfff001a4    0x4  Data  Gb  os_cfg_app.o [1]
_OSCfg_TmrTaskStk       0x000014b4  0x190  Data  Gb  os_cfg_app.o [1]
_OSCfg_TmrTaskStkBasePtr
                        0xfff001a8    0x4  Data  Gb  os_cfg_app.o [1]
_OSCfg_TmrTaskStkLimit  0xfff001ac    0x4  Data  Gb  os_cfg_app.o [1]
_OSCfg_TmrTaskStkSize   0xfff001b0    0x4  Data  Gb  os_cfg_app.o [1]
_OSCtxSw                0xfff014d1    0x9  Code  Gb  os_cpu_c.o [1]
_OSCtxSwISR             0xfff01ed3         Code  Gb  os_cpu_a.o [1]
_OSIdleTaskHook         0xfff0135a   0x14  Code  Gb  os_cpu_c.o [1]
_OSIdleTaskTCB          0x00001ac8   0xac  Data  Gb  os_var.o [1]
_OSInit                 0xfff0021b  0x122  Code  Gb  os_core.o [1]
_OSInitHook             0xfff0136e   0x23  Code  Gb  os_cpu_c.o [1]
_OSInitialized          0x00001e7a    0x1  Data  Gb  os_var.o [1]
_OSIntCtxSw             0xfff014da    0x9  Code  Gb  os_cpu_c.o [1]
_OSIntEnter             0xfff0033d   0x2c  Code  Gb  os_core.o [1]
_OSIntExit              0xfff00369  0x121  Code  Gb  os_core.o [1]
_OSIntNestingCtr        0x00001e78    0x1  Data  Gb  os_var.o [1]
_OSMsgPool              0x00001e0c    0x8  Data  Gb  os_var.o [1]
_OSMutexCreate          0xfff01f50   0x5f  Code  Gb  os_mutex.o [1]
_OSMutexPend            0xfff01ff9  0x1d0  Code  Gb  os_mutex.o [1]
_OSMutexPost            0xfff021c9  0x1ae  Code  Gb  os_mutex.o [1]
_OSPrioCur              0x00001e7b    0x1  Data  Gb  os_var.o [1]
_OSPrioHighRdy          0x00001e7c    0x1  Data  Gb  os_var.o [1]
_OSPrioTbl              0x00001e04    0x8  Data  Gb  os_prio.o [1]
_OSQCreate              0xfff03d17   0x6b  Code  Gb  os_q.o [1]
_OSRdyList              0x00000e04  0x200  Data  Gb  os_var.o [1]
_OSRunning              0x00001e79    0x1  Data  Gb  os_var.o [1]
_OSSched                0xfff0048a   0xc5  Code  Gb  os_core.o [1]
_OSSchedLock            0xfff0054f   0x6b  Code  Gb  os_core.o [1]
_OSSchedLockNestingCtr  0x00001e7d    0x1  Data  Gb  os_var.o [1]
_OSSchedRoundRobinDfltTimeQuanta
                        0x00001e38    0x4  Data  Gb  os_var.o [1]
_OSSchedRoundRobinEn    0x00001e7e    0x1  Data  Gb  os_var.o [1]
_OSSchedUnlock          0xfff005ba   0x9e  Code  Gb  os_core.o [1]
_OSSemCreate            0xfff0398b   0x58  Code  Gb  os_sem.o [1]
_OSSemPost              0xfff039e3   0xfa  Code  Gb  os_sem.o [1]
_OSStart                0xfff00692   0x9d  Code  Gb  os_core.o [1]
_OSStartHighRdy         0xfff01eaf         Code  Gb  os_cpu_a.o [1]
_OSStatReset            0xfff0198c   0x30  Code  Gb  os_stat.o [1]
_OSStatResetFlag        0x00001e7f    0x1  Data  Gb  os_var.o [1]
_OSStatTaskCPUUsage     0x00001e70    0x2  Data  Gb  os_var.o [1]
_OSStatTaskCPUUsageInit
                        0xfff019bc   0xfc  Code  Gb  os_stat.o [1]
_OSStatTaskCPUUsageMax  0x00001e72    0x2  Data  Gb  os_var.o [1]
_OSStatTaskCtr          0x00001e3c    0x4  Data  Gb  os_var.o [1]
_OSStatTaskCtrMax       0x00001e40    0x4  Data  Gb  os_var.o [1]
_OSStatTaskCtrRun       0x00001e44    0x4  Data  Gb  os_var.o [1]
_OSStatTaskHook         0xfff01391   0x14  Code  Gb  os_cpu_c.o [1]
_OSStatTaskRdy          0x00001e80    0x1  Data  Gb  os_var.o [1]
_OSStatTaskTCB          0x00001b74   0xac  Data  Gb  os_var.o [1]
_OSTCBCurPtr            0x00001e68    0x4  Data  Gb  os_var.o [1]
_OSTCBHighRdyPtr        0x00001e6c    0x4  Data  Gb  os_var.o [1]
_OSTaskCreate           0xfff00c20  0x192  Code  Gb  os_task.o [1]
_OSTaskCreateHook       0xfff013a5   0x14  Code  Gb  os_cpu_c.o [1]
_OSTaskCtxSwCtr         0x00001e48    0x4  Data  Gb  os_var.o [1]
_OSTaskQty              0x00001e74    0x2  Data  Gb  os_var.o [1]
_OSTaskRegNextAvailID   0x00001e81    0x1  Data  Gb  os_var.o [1]
_OSTaskResume           0xfff00db2  0x17e  Code  Gb  os_task.o [1]
_OSTaskSemPend          0xfff00f30  0x151  Code  Gb  os_task.o [1]
_OSTaskSemPost          0xfff01081  0x135  Code  Gb  os_task.o [1]
_OSTaskStkInit          0xfff013b9   0x9d  Code  Gb  os_cpu_c.o [1]
_OSTaskSuspend          0xfff011b6  0x190  Code  Gb  os_task.o [1]
_OSTaskSwHook           0xfff01456   0x67  Code  Gb  os_cpu_c.o [1]
_OSTickCtr              0x00001e4c    0x4  Data  Gb  os_var.o [1]
_OSTickListDly          0x00001e50    0x4  Data  Gb  os_var.o [1]
_OSTickListTimeout      0x00001e54    0x4  Data  Gb  os_var.o [1]
_OSTickTaskTCB          0x00001c20   0xac  Data  Gb  os_var.o [1]
_OSTimeDly              0xfff023cb   0xbe  Code  Gb  os_time.o [1]
_OSTimeDlyHMSM          0xfff02489  0x18b  Code  Gb  os_time.o [1]
_OSTimeTick             0xfff02614   0x74  Code  Gb  os_time.o [1]
_OSTimeTickHook         0xfff014bd   0x14  Code  Gb  os_cpu_c.o [1]
_OSTmrListPtr           0x00001e58    0x4  Data  Gb  os_var.o [1]
_OSTmrMutex             0x00001da8   0x18  Data  Gb  os_var.o [1]
_OSTmrTaskTCB           0x00001ccc   0xac  Data  Gb  os_var.o [1]
_OSTmrTickCtr           0x00001e5c    0x4  Data  Gb  os_var.o [1]
_OSTmrUpdateCnt         0x00001e60    0x4  Data  Gb  os_var.o [1]
_OSTmrUpdateCtr         0x00001e64    0x4  Data  Gb  os_var.o [1]
_OS_AppIdleTaskHookPtr  0x00001e28    0x4  Data  Gb  os_var.o [1]
_OS_AppStatTaskHookPtr  0x00001e2c    0x4  Data  Gb  os_var.o [1]
_OS_AppTaskCreateHookPtr
                        0x00001e1c    0x4  Data  Gb  os_var.o [1]
_OS_AppTaskDelHookPtr   0x00001e20    0x4  Data  Gb  os_var.o [1]
_OS_AppTaskReturnHookPtr
                        0x00001e24    0x4  Data  Gb  os_var.o [1]
_OS_AppTaskSwHookPtr    0x00001e30    0x4  Data  Gb  os_var.o [1]
_OS_AppTimeTickHookPtr  0x00001e34    0x4  Data  Gb  os_var.o [1]
_OS_IdleTask            0xfff0072f   0x36  Code  Gb  os_core.o [1]
_OS_IdleTaskInit        0xfff001b7   0x47  Code  Gb  os_core.o [1]
_OS_KA_IPL_Boundary     0x00001e18    0x4  Data  Gb  os_cpu_c.o [1]
_OS_MemInit             0xfff01580    0x4  Code  Gb  os_mem.o [1]
_OS_MsgPoolInit         0xfff01584   0x87  Code  Gb  os_msg.o [1]
_OS_MsgQInit            0xfff0160b    0xc  Code  Gb  os_msg.o [1]
_OS_MutexGrpAdd         0xfff01ff2    0x7  Code  Gb  os_mutex.o [1]
_OS_MutexGrpPrioFindHighest
                        0xfff01faf   0x2d  Code  Gb  os_mutex.o [1]
_OS_MutexGrpRemove      0xfff01fdc   0x16  Code  Gb  os_mutex.o [1]
_OS_Pend                0xfff00822   0x4e  Code  Gb  os_core.o [1]
_OS_PendListChangePrio  0xfff00930   0x22  Code  Gb  os_core.o [1]
_OS_PendListInit        0xfff00952    0x7  Code  Gb  os_core.o [1]
_OS_PendListInsertPrio  0xfff00765   0x52  Code  Gb  os_core.o [1]
_OS_PendListRemove      0xfff008ea   0x46  Code  Gb  os_core.o [1]
_OS_Post                0xfff00959   0x70  Code  Gb  os_core.o [1]
_OS_PrioGetHighest      0xfff014f8   0x26  Code  Gb  os_prio.o [1]
_OS_PrioInit            0xfff014e3   0x15  Code  Gb  os_prio.o [1]
_OS_PrioInsert          0xfff0151e   0x30  Code  Gb  os_prio.o [1]
_OS_PrioRemove          0xfff0154e   0x32  Code  Gb  os_prio.o [1]
_OS_RdyListInit         0xfff001fe   0x1d  Code  Gb  os_core.o [1]
_OS_RdyListInsert       0xfff008c8   0x22  Code  Gb  os_core.o [1]
_OS_RdyListInsertHead   0xfff00870   0x2d  Code  Gb  os_core.o [1]
_OS_RdyListInsertTail   0xfff0089d   0x2b  Code  Gb  os_core.o [1]
_OS_RdyListMoveHeadToTail
                        0xfff00658   0x3a  Code  Gb  os_core.o [1]
_OS_RdyListRemove       0xfff007b7   0x47  Code  Gb  os_core.o [1]
_OS_SchedRoundRobin     0xfff009c9   0xe1  Code  Gb  os_core.o [1]
_OS_StatTask            0xfff01ab8  0x17c  Code  Gb  os_stat.o [1]
_OS_StatTaskInit        0xfff01c34   0xac  Code  Gb  os_stat.o [1]
_OS_TaskBlock           0xfff007fe   0x24  Code  Gb  os_core.o [1]
_OS_TaskChangePrio      0xfff00aaa   0xbb  Code  Gb  os_task.o [1]
_OS_TaskInit            0xfff01346   0x14  Code  Gb  os_task.o [1]
_OS_TaskInitTCB         0xfff00b65   0xbb  Code  Gb  os_task.o [1]
_OS_TickListInsert      0xfff01850   0x65  Code  Gb  os_tick.o [1]
_OS_TickListInsertDly   0xfff018b5   0x8b  Code  Gb  os_tick.o [1]
_OS_TickListRemove      0xfff01940   0x4c  Code  Gb  os_tick.o [1]
_OS_TickListUpdateDly   0xfff016e9   0x72  Code  Lc  os_tick.o [1]
_OS_TickListUpdateTimeout
                        0xfff01617   0xd2  Code  Lc  os_tick.o [1]
_OS_TickTask            0xfff0175b   0x59  Code  Gb  os_tick.o [1]
_OS_TickTaskInit        0xfff017b4   0x9c  Code  Gb  os_tick.o [1]
_OS_TmrInit             0xfff01d43   0xf4  Code  Gb  os_tmr.o [1]
_OS_TmrLock             0xfff01cf4   0x1c  Code  Lc  os_tmr.o [1]
_OS_TmrTask             0xfff01e37   0x77  Code  Gb  os_tmr.o [1]
_OS_TmrUnlink           0xfff01d10   0x33  Code  Gb  os_tmr.o [1]
_OS_TmrUnlock           0xfff01ce0   0x14  Code  Lc  os_tmr.o [1]
_StartupTask            0xfff03b83   0xc5  Code  Lc  main.o [1]
_StartupTaskStk         0x00000804  0x200  Data  Lc  main.o [1]
_StartupTaskTCB         0x000018c4   0xac  Data  Lc  main.o [1]
___DebugBreak           0xfff03ecc    0x1  Code  Gb  __dbg_break.o [3]
___NMI_handler          0xfff02b29         Code  Wk  def_nmi_handlers.o [6]
___exit                 0xfff03eb8   0x12  Code  Gb  __dbg_xxexit.o [3]
___iar_ForwardingLockFunctions {Abs}
                        0x00000000          --   Gb  xsyslock.o [4]
___iar_data_init2       0xfff03e8c   0x1f  Code  Gb  data_init.o [4]
___iar_lz77_init_single2
                        0xfff03dfc   0x6c  Code  Gb  lz77_init_single.o [4]
___iar_zero_init2       0xfff03f60   0x1a  Code  Gb  zero_init2.o [4]
___interrupt_0          0xfff03ef0   0x20  Code  Wk  interrupt_table.o [4]
___interrupt_1          0xfff03ef0   0x20  Code  Wk  interrupt_table.o [4]
___interrupt_10         0xfff03ef0   0x20  Code  Wk  interrupt_table.o [4]
___interrupt_100        0xfff03ef0   0x20  Code  Wk  interrupt_table.o [4]
___interrupt_101        0xfff03ef0   0x20  Code  Wk  interrupt_table.o [4]
___interrupt_102        0xfff03ef0   0x20  Code  Wk  interrupt_table.o [4]
___interrupt_103        0xfff03ef0   0x20  Code  Wk  interrupt_table.o [4]
___interrupt_104        0xfff03ef0   0x20  Code  Wk  interrupt_table.o [4]
___interrupt_105        0xfff03ef0   0x20  Code  Wk  interrupt_table.o [4]
___interrupt_106        0xfff03ef0   0x20  Code  Wk  interrupt_table.o [4]
___interrupt_107        0xfff03ef0   0x20  Code  Wk  interrupt_table.o [4]
___interrupt_108        0xfff03ef0   0x20  Code  Wk  interrupt_table.o [4]
___interrupt_109        0xfff03ef0   0x20  Code  Wk  interrupt_table.o [4]
___interrupt_11         0xfff03ef0   0x20  Code  Wk  interrupt_table.o [4]
___interrupt_110        0xfff03ef0   0x20  Code  Wk  interrupt_table.o [4]
___interrupt_111        0xfff03ef0   0x20  Code  Wk  interrupt_table.o [4]
___interrupt_112        0xfff03ef0   0x20  Code  Wk  interrupt_table.o [4]
___interrupt_113        0xfff03ef0   0x20  Code  Wk  interrupt_table.o [4]
___interrupt_114        0xfff03ef0   0x20  Code  Wk  interrupt_table.o [4]
___interrupt_115        0xfff03ef0   0x20  Code  Wk  interrupt_table.o [4]
___interrupt_116        0xfff03ef0   0x20  Code  Wk  interrupt_table.o [4]
___interrupt_117        0xfff03ef0   0x20  Code  Wk  interrupt_table.o [4]
___interrupt_118        0xfff03ef0   0x20  Code  Wk  interrupt_table.o [4]
___interrupt_119        0xfff03ef0   0x20  Code  Wk  interrupt_table.o [4]
___interrupt_12         0xfff03ef0   0x20  Code  Wk  interrupt_table.o [4]
___interrupt_120        0xfff03ef0   0x20  Code  Wk  interrupt_table.o [4]
___interrupt_121        0xfff03ef0   0x20  Code  Wk  interrupt_table.o [4]
___interrupt_122        0xfff03ef0   0x20  Code  Wk  interrupt_table.o [4]
___interrupt_123        0xfff03ef0   0x20  Code  Wk  interrupt_table.o [4]
___interrupt_124        0xfff03ef0   0x20  Code  Wk  interrupt_table.o [4]
___interrupt_125        0xfff03ef0   0x20  Code  Wk  interrupt_table.o [4]
___interrupt_126        0xfff03ef0   0x20  Code  Wk  interrupt_table.o [4]
___interrupt_127        0xfff03ef0   0x20  Code  Wk  interrupt_table.o [4]
___interrupt_128        0xfff03ef0   0x20  Code  Wk  interrupt_table.o [4]
___interrupt_129        0xfff03ef0   0x20  Code  Wk  interrupt_table.o [4]
___interrupt_13         0xfff03ef0   0x20  Code  Wk  interrupt_table.o [4]
___interrupt_130        0xfff03ef0   0x20  Code  Wk  interrupt_table.o [4]
___interrupt_131        0xfff03ef0   0x20  Code  Wk  interrupt_table.o [4]
___interrupt_132        0xfff03ef0   0x20  Code  Wk  interrupt_table.o [4]
___interrupt_133        0xfff03ef0   0x20  Code  Wk  interrupt_table.o [4]
___interrupt_134        0xfff03ef0   0x20  Code  Wk  interrupt_table.o [4]
___interrupt_135        0xfff03ef0   0x20  Code  Wk  interrupt_table.o [4]
___interrupt_136        0xfff03ef0   0x20  Code  Wk  interrupt_table.o [4]
___interrupt_137        0xfff03ef0   0x20  Code  Wk  interrupt_table.o [4]
___interrupt_138        0xfff03ef0   0x20  Code  Wk  interrupt_table.o [4]
___interrupt_139        0xfff03ef0   0x20  Code  Wk  interrupt_table.o [4]
___interrupt_14         0xfff03ef0   0x20  Code  Wk  interrupt_table.o [4]
___interrupt_140        0xfff03ef0   0x20  Code  Wk  interrupt_table.o [4]
___interrupt_141        0xfff03ef0   0x20  Code  Wk  interrupt_table.o [4]
___interrupt_142        0xfff03ef0   0x20  Code  Wk  interrupt_table.o [4]
___interrupt_143        0xfff03ef0   0x20  Code  Wk  interrupt_table.o [4]
___interrupt_144        0xfff03ef0   0x20  Code  Wk  interrupt_table.o [4]
___interrupt_145        0xfff03ef0   0x20  Code  Wk  interrupt_table.o [4]
___interrupt_146        0xfff03ef0   0x20  Code  Wk  interrupt_table.o [4]
___interrupt_147        0xfff03ef0   0x20  Code  Wk  interrupt_table.o [4]
___interrupt_148        0xfff03ef0   0x20  Code  Wk  interrupt_table.o [4]
___interrupt_149        0xfff03ef0   0x20  Code  Wk  interrupt_table.o [4]
___interrupt_15         0xfff03ef0   0x20  Code  Wk  interrupt_table.o [4]
___interrupt_150        0xfff03ef0   0x20  Code  Wk  interrupt_table.o [4]
___interrupt_151        0xfff03ef0   0x20  Code  Wk  interrupt_table.o [4]
___interrupt_152        0xfff03ef0   0x20  Code  Wk  interrupt_table.o [4]
___interrupt_153        0xfff03ef0   0x20  Code  Wk  interrupt_table.o [4]
___interrupt_154        0xfff03ef0   0x20  Code  Wk  interrupt_table.o [4]
___interrupt_155        0xfff03ef0   0x20  Code  Wk  interrupt_table.o [4]
___interrupt_156        0xfff03ef0   0x20  Code  Wk  interrupt_table.o [4]
___interrupt_157        0xfff03ef0   0x20  Code  Wk  interrupt_table.o [4]
___interrupt_158        0xfff03ef0   0x20  Code  Wk  interrupt_table.o [4]
___interrupt_159        0xfff03ef0   0x20  Code  Wk  interrupt_table.o [4]
___interrupt_16         0xfff03ef0   0x20  Code  Wk  interrupt_table.o [4]
___interrupt_160        0xfff03ef0   0x20  Code  Wk  interrupt_table.o [4]
___interrupt_161        0xfff03ef0   0x20  Code  Wk  interrupt_table.o [4]
___interrupt_162        0xfff03ef0   0x20  Code  Wk  interrupt_table.o [4]
___interrupt_163        0xfff03ef0   0x20  Code  Wk  interrupt_table.o [4]
___interrupt_164        0xfff03ef0   0x20  Code  Wk  interrupt_table.o [4]
___interrupt_165        0xfff03ef0   0x20  Code  Wk  interrupt_table.o [4]
___interrupt_166        0xfff03ef0   0x20  Code  Wk  interrupt_table.o [4]
___interrupt_167        0xfff03ef0   0x20  Code  Wk  interrupt_table.o [4]
___interrupt_168        0xfff03ef0   0x20  Code  Wk  interrupt_table.o [4]
___interrupt_169        0xfff03ef0   0x20  Code  Wk  interrupt_table.o [4]
___interrupt_17         0xfff03ef0   0x20  Code  Wk  interrupt_table.o [4]
___interrupt_170        0xfff03ef0   0x20  Code  Wk  interrupt_table.o [4]
___interrupt_171        0xfff03ef0   0x20  Code  Wk  interrupt_table.o [4]
___interrupt_172        0xfff03ef0   0x20  Code  Wk  interrupt_table.o [4]
___interrupt_173        0xfff03ef0   0x20  Code  Wk  interrupt_table.o [4]
___interrupt_174        0xfff03ef0   0x20  Code  Wk  interrupt_table.o [4]
___interrupt_175        0xfff03ef0   0x20  Code  Wk  interrupt_table.o [4]
___interrupt_176        0xfff03ef0   0x20  Code  Wk  interrupt_table.o [4]
___interrupt_177        0xfff03ef0   0x20  Code  Wk  interrupt_table.o [4]
___interrupt_178        0xfff03ef0   0x20  Code  Wk  interrupt_table.o [4]
___interrupt_179        0xfff03ef0   0x20  Code  Wk  interrupt_table.o [4]
___interrupt_18         0xfff03ef0   0x20  Code  Wk  interrupt_table.o [4]
___interrupt_180        0xfff03ef0   0x20  Code  Wk  interrupt_table.o [4]
___interrupt_181        0xfff03ef0   0x20  Code  Wk  interrupt_table.o [4]
___interrupt_182        0xfff03ef0   0x20  Code  Wk  interrupt_table.o [4]
___interrupt_183        0xfff03ef0   0x20  Code  Wk  interrupt_table.o [4]
___interrupt_184        0xfff03ef0   0x20  Code  Wk  interrupt_table.o [4]
___interrupt_185        0xfff03ef0   0x20  Code  Wk  interrupt_table.o [4]
___interrupt_186        0xfff03ef0   0x20  Code  Wk  interrupt_table.o [4]
___interrupt_187        0xfff03ef0   0x20  Code  Wk  interrupt_table.o [4]
___interrupt_188        0xfff03ef0   0x20  Code  Wk  interrupt_table.o [4]
___interrupt_189        0xfff03ef0   0x20  Code  Wk  interrupt_table.o [4]
___interrupt_19         0xfff03ef0   0x20  Code  Wk  interrupt_table.o [4]
___interrupt_190        0xfff03ef0   0x20  Code  Wk  interrupt_table.o [4]
___interrupt_191        0xfff03ef0   0x20  Code  Wk  interrupt_table.o [4]
___interrupt_192        0xfff03ef0   0x20  Code  Wk  interrupt_table.o [4]
___interrupt_193        0xfff03ef0   0x20  Code  Wk  interrupt_table.o [4]
___interrupt_194        0xfff03ef0   0x20  Code  Wk  interrupt_table.o [4]
___interrupt_195        0xfff03ef0   0x20  Code  Wk  interrupt_table.o [4]
___interrupt_196        0xfff03ef0   0x20  Code  Wk  interrupt_table.o [4]
___interrupt_197        0xfff03ef0   0x20  Code  Wk  interrupt_table.o [4]
___interrupt_198        0xfff03ef0   0x20  Code  Wk  interrupt_table.o [4]
___interrupt_199        0xfff03ef0   0x20  Code  Wk  interrupt_table.o [4]
___interrupt_2          0xfff03ef0   0x20  Code  Wk  interrupt_table.o [4]
___interrupt_20         0xfff03ef0   0x20  Code  Wk  interrupt_table.o [4]
___interrupt_200        0xfff03ef0   0x20  Code  Wk  interrupt_table.o [4]
___interrupt_201        0xfff03ef0   0x20  Code  Wk  interrupt_table.o [4]
___interrupt_202        0xfff03ef0   0x20  Code  Wk  interrupt_table.o [4]
___interrupt_203        0xfff03ef0   0x20  Code  Wk  interrupt_table.o [4]
___interrupt_204        0xfff03ef0   0x20  Code  Wk  interrupt_table.o [4]
___interrupt_205        0xfff03ef0   0x20  Code  Wk  interrupt_table.o [4]
___interrupt_206        0xfff03ef0   0x20  Code  Wk  interrupt_table.o [4]
___interrupt_207        0xfff03ef0   0x20  Code  Wk  interrupt_table.o [4]
___interrupt_208        0xfff03ef0   0x20  Code  Wk  interrupt_table.o [4]
___interrupt_209        0xfff03ef0   0x20  Code  Wk  interrupt_table.o [4]
___interrupt_21         0xfff03ef0   0x20  Code  Wk  interrupt_table.o [4]
___interrupt_210        0xfff03ef0   0x20  Code  Wk  interrupt_table.o [4]
___interrupt_211        0xfff03ef0   0x20  Code  Wk  interrupt_table.o [4]
___interrupt_212        0xfff03ef0   0x20  Code  Wk  interrupt_table.o [4]
___interrupt_213        0xfff03ef0   0x20  Code  Wk  interrupt_table.o [4]
___interrupt_214        0xfff03ef0   0x20  Code  Wk  interrupt_table.o [4]
___interrupt_215        0xfff03ef0   0x20  Code  Wk  interrupt_table.o [4]
___interrupt_216        0xfff03ef0   0x20  Code  Wk  interrupt_table.o [4]
___interrupt_217        0xfff03ef0   0x20  Code  Wk  interrupt_table.o [4]
___interrupt_218        0xfff03ef0   0x20  Code  Wk  interrupt_table.o [4]
___interrupt_219        0xfff03ef0   0x20  Code  Wk  interrupt_table.o [4]
___interrupt_22         0xfff03ef0   0x20  Code  Wk  interrupt_table.o [4]
___interrupt_220        0xfff03ef0   0x20  Code  Wk  interrupt_table.o [4]
___interrupt_221        0xfff03ef0   0x20  Code  Wk  interrupt_table.o [4]
___interrupt_222        0xfff03ef0   0x20  Code  Wk  interrupt_table.o [4]
___interrupt_223        0xfff03ef0   0x20  Code  Wk  interrupt_table.o [4]
___interrupt_224        0xfff03ef0   0x20  Code  Wk  interrupt_table.o [4]
___interrupt_225        0xfff03ef0   0x20  Code  Wk  interrupt_table.o [4]
___interrupt_226        0xfff03ef0   0x20  Code  Wk  interrupt_table.o [4]
___interrupt_227        0xfff03ef0   0x20  Code  Wk  interrupt_table.o [4]
___interrupt_228        0xfff03ef0   0x20  Code  Wk  interrupt_table.o [4]
___interrupt_229        0xfff03ef0   0x20  Code  Wk  interrupt_table.o [4]
___interrupt_23         0xfff03ef0   0x20  Code  Wk  interrupt_table.o [4]
___interrupt_230        0xfff03ef0   0x20  Code  Wk  interrupt_table.o [4]
___interrupt_231        0xfff03ef0   0x20  Code  Wk  interrupt_table.o [4]
___interrupt_232        0xfff03ef0   0x20  Code  Wk  interrupt_table.o [4]
___interrupt_233        0xfff03ef0   0x20  Code  Wk  interrupt_table.o [4]
___interrupt_234        0xfff03ef0   0x20  Code  Wk  interrupt_table.o [4]
___interrupt_235        0xfff03ef0   0x20  Code  Wk  interrupt_table.o [4]
___interrupt_236        0xfff03ef0   0x20  Code  Wk  interrupt_table.o [4]
___interrupt_237        0xfff03ef0   0x20  Code  Wk  interrupt_table.o [4]
___interrupt_238        0xfff03ef0   0x20  Code  Wk  interrupt_table.o [4]
___interrupt_239        0xfff03ef0   0x20  Code  Wk  interrupt_table.o [4]
___interrupt_24         0xfff03ef0   0x20  Code  Wk  interrupt_table.o [4]
___interrupt_240        0xfff03ef0   0x20  Code  Wk  interrupt_table.o [4]
___interrupt_241        0xfff03ef0   0x20  Code  Wk  interrupt_table.o [4]
___interrupt_242        0xfff03ef0   0x20  Code  Wk  interrupt_table.o [4]
___interrupt_243        0xfff03ef0   0x20  Code  Wk  interrupt_table.o [4]
___interrupt_244        0xfff03ef0   0x20  Code  Wk  interrupt_table.o [4]
___interrupt_245        0xfff03ef0   0x20  Code  Wk  interrupt_table.o [4]
___interrupt_246        0xfff03ef0   0x20  Code  Wk  interrupt_table.o [4]
___interrupt_247        0xfff03ef0   0x20  Code  Wk  interrupt_table.o [4]
___interrupt_248        0xfff03ef0   0x20  Code  Wk  interrupt_table.o [4]
___interrupt_249        0xfff03ef0   0x20  Code  Wk  interrupt_table.o [4]
___interrupt_25         0xfff03ef0   0x20  Code  Wk  interrupt_table.o [4]
___interrupt_250        0xfff03ef0   0x20  Code  Wk  interrupt_table.o [4]
___interrupt_251        0xfff03ef0   0x20  Code  Wk  interrupt_table.o [4]
___interrupt_252        0xfff03ef0   0x20  Code  Wk  interrupt_table.o [4]
___interrupt_253        0xfff03ef0   0x20  Code  Wk  interrupt_table.o [4]
___interrupt_254        0xfff03ef0   0x20  Code  Wk  interrupt_table.o [4]
___interrupt_255        0xfff03ef0   0x20  Code  Wk  interrupt_table.o [4]
___interrupt_26         0xfff03ef0   0x20  Code  Wk  interrupt_table.o [4]
___interrupt_27         0xfff03ef0   0x20  Code  Wk  interrupt_table.o [4]
___interrupt_28         0xfff03ef0   0x20  Code  Wk  interrupt_table.o [4]
___interrupt_29         0xfff03ef0   0x20  Code  Wk  interrupt_table.o [4]
___interrupt_3          0xfff03ef0   0x20  Code  Wk  interrupt_table.o [4]
___interrupt_30         0xfff03ef0   0x20  Code  Wk  interrupt_table.o [4]
___interrupt_31         0xfff03ef0   0x20  Code  Wk  interrupt_table.o [4]
___interrupt_32         0xfff03ef0   0x20  Code  Wk  interrupt_table.o [4]
___interrupt_33         0xfff03ef0   0x20  Code  Wk  interrupt_table.o [4]
___interrupt_34         0xfff03ef0   0x20  Code  Wk  interrupt_table.o [4]
___interrupt_35         0xfff03ef0   0x20  Code  Wk  interrupt_table.o [4]
___interrupt_36         0xfff03ef0   0x20  Code  Wk  interrupt_table.o [4]
___interrupt_37         0xfff03ef0   0x20  Code  Wk  interrupt_table.o [4]
___interrupt_38         0xfff03ef0   0x20  Code  Wk  interrupt_table.o [4]
___interrupt_39         0xfff03ef0   0x20  Code  Wk  interrupt_table.o [4]
___interrupt_4          0xfff03ef0   0x20  Code  Wk  interrupt_table.o [4]
___interrupt_40         0xfff03ef0   0x20  Code  Wk  interrupt_table.o [4]
___interrupt_41         0xfff03ef0   0x20  Code  Wk  interrupt_table.o [4]
___interrupt_42         0xfff03ef0   0x20  Code  Wk  interrupt_table.o [4]
___interrupt_43         0xfff03ef0   0x20  Code  Wk  interrupt_table.o [4]
___interrupt_44         0xfff03ef0   0x20  Code  Wk  interrupt_table.o [4]
___interrupt_45         0xfff03ef0   0x20  Code  Wk  interrupt_table.o [4]
___interrupt_46         0xfff03ef0   0x20  Code  Wk  interrupt_table.o [4]
___interrupt_47         0xfff03ef0   0x20  Code  Wk  interrupt_table.o [4]
___interrupt_48         0xfff03ef0   0x20  Code  Wk  interrupt_table.o [4]
___interrupt_49         0xfff03ef0   0x20  Code  Wk  interrupt_table.o [4]
___interrupt_5          0xfff03ef0   0x20  Code  Wk  interrupt_table.o [4]
___interrupt_50         0xfff03ef0   0x20  Code  Wk  interrupt_table.o [4]
___interrupt_51         0xfff03ef0   0x20  Code  Wk  interrupt_table.o [4]
___interrupt_52         0xfff03ef0   0x20  Code  Wk  interrupt_table.o [4]
___interrupt_53         0xfff03ef0   0x20  Code  Wk  interrupt_table.o [4]
___interrupt_54         0xfff03ef0   0x20  Code  Wk  interrupt_table.o [4]
___interrupt_55         0xfff03ef0   0x20  Code  Wk  interrupt_table.o [4]
___interrupt_56         0xfff03ef0   0x20  Code  Wk  interrupt_table.o [4]
___interrupt_57         0xfff03ef0   0x20  Code  Wk  interrupt_table.o [4]
___interrupt_58         0xfff03ef0   0x20  Code  Wk  interrupt_table.o [4]
___interrupt_59         0xfff03ef0   0x20  Code  Wk  interrupt_table.o [4]
___interrupt_6          0xfff03ef0   0x20  Code  Wk  interrupt_table.o [4]
___interrupt_60         0xfff03ef0   0x20  Code  Wk  interrupt_table.o [4]
___interrupt_61         0xfff03ef0   0x20  Code  Wk  interrupt_table.o [4]
___interrupt_62         0xfff03ef0   0x20  Code  Wk  interrupt_table.o [4]
___interrupt_63         0xfff03ef0   0x20  Code  Wk  interrupt_table.o [4]
___interrupt_64         0xfff03ef0   0x20  Code  Wk  interrupt_table.o [4]
___interrupt_65         0xfff03ef0   0x20  Code  Wk  interrupt_table.o [4]
___interrupt_66         0xfff03ef0   0x20  Code  Wk  interrupt_table.o [4]
___interrupt_67         0xfff03ef0   0x20  Code  Wk  interrupt_table.o [4]
___interrupt_68         0xfff03ef0   0x20  Code  Wk  interrupt_table.o [4]
___interrupt_69         0xfff03ef0   0x20  Code  Wk  interrupt_table.o [4]
___interrupt_7          0xfff03ef0   0x20  Code  Wk  interrupt_table.o [4]
___interrupt_70         0xfff03ef0   0x20  Code  Wk  interrupt_table.o [4]
___interrupt_71         0xfff03ef0   0x20  Code  Wk  interrupt_table.o [4]
___interrupt_72         0xfff03ef0   0x20  Code  Wk  interrupt_table.o [4]
___interrupt_73         0xfff03ef0   0x20  Code  Wk  interrupt_table.o [4]
___interrupt_74         0xfff03ef0   0x20  Code  Wk  interrupt_table.o [4]
___interrupt_75         0xfff03ef0   0x20  Code  Wk  interrupt_table.o [4]
___interrupt_76         0xfff03ef0   0x20  Code  Wk  interrupt_table.o [4]
___interrupt_77         0xfff03ef0   0x20  Code  Wk  interrupt_table.o [4]
___interrupt_78         0xfff03ef0   0x20  Code  Wk  interrupt_table.o [4]
___interrupt_79         0xfff03ef0   0x20  Code  Wk  interrupt_table.o [4]
___interrupt_8          0xfff03ef0   0x20  Code  Wk  interrupt_table.o [4]
___interrupt_80         0xfff03ef0   0x20  Code  Wk  interrupt_table.o [4]
___interrupt_81         0xfff03ef0   0x20  Code  Wk  interrupt_table.o [4]
___interrupt_82         0xfff03ef0   0x20  Code  Wk  interrupt_table.o [4]
___interrupt_83         0xfff03ef0   0x20  Code  Wk  interrupt_table.o [4]
___interrupt_84         0xfff03ef0   0x20  Code  Wk  interrupt_table.o [4]
___interrupt_85         0xfff03ef0   0x20  Code  Wk  interrupt_table.o [4]
___interrupt_86         0xfff03ef0   0x20  Code  Wk  interrupt_table.o [4]
___interrupt_87         0xfff03ef0   0x20  Code  Wk  interrupt_table.o [4]
___interrupt_88         0xfff03ef0   0x20  Code  Wk  interrupt_table.o [4]
___interrupt_89         0xfff03ef0   0x20  Code  Wk  interrupt_table.o [4]
___interrupt_9          0xfff03ef0   0x20  Code  Wk  interrupt_table.o [4]
___interrupt_90         0xfff03ef0   0x20  Code  Wk  interrupt_table.o [4]
___interrupt_91         0xfff03ef0   0x20  Code  Wk  interrupt_table.o [4]
___interrupt_92         0xfff03ef0   0x20  Code  Wk  interrupt_table.o [4]
___interrupt_93         0xfff03ef0   0x20  Code  Wk  interrupt_table.o [4]
___interrupt_94         0xfff03ef0   0x20  Code  Wk  interrupt_table.o [4]
___interrupt_95         0xfff03ef0   0x20  Code  Wk  interrupt_table.o [4]
___interrupt_96         0xfff03ef0   0x20  Code  Wk  interrupt_table.o [4]
___interrupt_97         0xfff03ef0   0x20  Code  Wk  interrupt_table.o [4]
___interrupt_98         0xfff03ef0   0x20  Code  Wk  interrupt_table.o [4]
___interrupt_99         0xfff03ef0   0x20  Code  Wk  interrupt_table.o [4]
___privileged_handler   0xfff02b29         Code  Wk  def_nmi_handlers.o [6]
___undefined_handler    0xfff02b29         Code  Wk  def_nmi_handlers.o [6]
___undefined_interrupt_source_handler
                        0xfff02b29         Code  Wk  def_nmi_handlers.o [6]
__exit                  0xfff03eb0         Code  Gb  cexit.o [4]
__float_placeholder     0xfff02b29         Code  Wk  def_nmi_handlers.o [6]
__iar_cstart_end        0xfff03e8a         Code  Gb  startup_rx.o [1]
__iar_main_call         0xfff03e7a         Code  Gb  startup_rx.o [1]
__iar_program_start     0xfff03e68         Code  Gb  startup_rx.o [1]
__iar_reset_vector      0xfffffffc         Data  Gb  nmivec.o [6]
_abort                  0xfff03f10    0xf  Code  Gb  __dbg_abort.o [3]
_default_handler        0xfff03ef0   0x20  Code  Gb  interrupt_table.o [4]
_exit                   0xfff03eac    0x4  Code  Gb  exit.o [4]
_main                   0xfff03add   0xa6  Code  Gb  main.o [1]
_vector_table           0xfff02b2c  0x400  Data  Gb  interrupt_table.o [4]


[1] = C:\Users\Brannon\Development\Independent Study\MicroCOS-III\Renesas\YRDKRX63N\Blinky\OS3\IAR\source\Obj
[2] = command line
[3] = dbgrxflld.a
[4] = dlrxflln.a
[5] = rtrxfll.a
[6] = strxl.a

  14 688 bytes of readonly  code memory
   2 576 bytes of readonly  data memory
   9 854 bytes of readwrite data memory

Errors: none
Warnings: none
